
=== seed 1: выход в Россию на 10.3-м году · 1.56 с · жив · победа в Уфе —
Вход в города: kazan (10.3 г., 37 млн) → samara (12.4 г., 47 млн) → ufa (14.4 г.)
┌─────────┬──────┬──────────┬───────────────┬──────────────┬──────┬──────┬──────────────┐
│ (index) │ year │ active   │ ufa           │ kazan        │ cash │ loan │ samara       │
├─────────┼──────┼──────────┼───────────────┼──────────────┼──────┼──────┼──────────────┤
│ 0       │ 11   │ 'kazan'  │ '35т 259/19'  │ '14т 83/26'  │ 141  │ 0    │              │
│ 1       │ 12   │ 'kazan'  │ '35т 210/-12' │ '19т 113/35' │ 115  │ 0    │              │
│ 2       │ 13   │ 'samara' │ '35т 302/42'  │ '20т 153/59' │ 264  │ 44   │ '7т 27/7'    │
│ 3       │ 14   │ 'samara' │ '35т 303/31'  │ '20т 161/57' │ 437  │ 44   │ '18т 118/38' │
│ 4       │ 15   │ 'ufa'    │ '40т 420/55'  │ '20т 163/59' │ 465  │ 0    │ '21т 140/47' │
└─────────┴──────┴──────────┴───────────────┴──────────────┴──────┴──────┴──────────────┘
┌─────────┬──────────┬─────────────┬───────┬──────┬─────────┬──────────────────┬───────────────────┬──────────────┐
│ (index) │ город    │ режим       │ точек │ штат │ рейтинг │ выр. 12 мес, млн │ приб. 12 мес, млн │ узнаваемость │
├─────────┼──────────┼─────────────┼───────┼──────┼─────────┼──────────────────┼───────────────────┼──────────────┤
│ 0       │ 'Уфа'    │ 'вручную'   │ 40    │ 252  │ 4.7     │ 4310             │ 260               │ 1            │
│ 1       │ 'Казань' │ 'автопилот' │ 20    │ 123  │ 3.5     │ 1604             │ 429               │ 0.6          │
│ 2       │ 'Самара' │ 'автопилот' │ 21    │ 114  │ 3.5     │ 1382             │ 377               │ 0.62         │
└─────────┴──────────┴─────────────┴───────┴──────┴─────────┴──────────────────┴───────────────────┴──────────────┘
Сохранение: 502 КБ
Проблем нет: деньги сходятся каждый день, NaN нет.

=== seed 2: выход в Россию на 8.1-м году · 2.052 с · жив · победа в Уфе 15.4
Вход в города: kazan (8.1 г., 35 млн) → samara (10.1 г., 45 млн) → ufa (12.1 г.)
┌─────────┬──────┬──────────┬───────────────┬──────────────┬──────┬──────┬──────────────┐
│ (index) │ year │ active   │ ufa           │ kazan        │ cash │ loan │ samara       │
├─────────┼──────┼──────────┼───────────────┼──────────────┼──────┼──────┼──────────────┤
│ 0       │ 9    │ 'kazan'  │ '41т 208/-10' │ '17т 93/27'  │ 311  │ 0    │              │
│ 1       │ 10   │ 'kazan'  │ '41т 282/29'  │ '26т 192/72' │ 443  │ 0    │              │
│ 2       │ 11   │ 'samara' │ '41т 313/35'  │ '26т 204/67' │ 335  │ 0    │ '18т 126/45' │
│ 3       │ 12   │ 'samara' │ '41т 332/45'  │ '26т 217/73' │ 994  │ 0    │ '21т 178/66' │
│ 4       │ 13   │ 'ufa'    │ '49т 477/62'  │ '26т 243/88' │ 1595 │ 0    │ '23т 182/73' │
│ 5       │ 14   │ 'ufa'    │ '49т 489/41'  │ '26т 237/76' │ 2790 │ 0    │ '23т 186/71' │
│ 6       │ 15   │ 'ufa'    │ '51т 507/51'  │ '26т 226/69' │ 3153 │ 0    │ '23т 170/59' │
└─────────┴──────┴──────────┴───────────────┴──────────────┴──────┴──────┴──────────────┘
┌─────────┬──────────┬─────────────┬───────┬──────┬─────────┬──────────────────┬───────────────────┬──────────────┐
│ (index) │ город    │ режим       │ точек │ штат │ рейтинг │ выр. 12 мес, млн │ приб. 12 мес, млн │ узнаваемость │
├─────────┼──────────┼─────────────┼───────┼──────┼─────────┼──────────────────┼───────────────────┼──────────────┤
│ 0       │ 'Уфа'    │ 'вручную'   │ 51    │ 320  │ 4.88    │ 5452             │ -34               │ 1            │
│ 1       │ 'Казань' │ 'автопилот' │ 26    │ 185  │ 3.5     │ 2398             │ 647               │ 0.73         │
│ 2       │ 'Самара' │ 'автопилот' │ 23    │ 161  │ 3.5     │ 1783             │ 450               │ 0.67         │
└─────────┴──────────┴─────────────┴───────┴──────┴─────────┴──────────────────┴───────────────────┴──────────────┘
Сохранение: 766 КБ
Проблем нет: деньги сходятся каждый день, NaN нет.
EXIT=0
