
=== сид 1, первый акт, easy: 2 июля 2029, точек 6
  ok: снимков в списке: 5 (лимит «easy» — 6)
  размер снимка: 91–96 КБ, всего 468 КБ
  ok: откат на 2 мес. (1 ноября 2029) и повтор до 13 декабря 2029: состояние совпало (98 КБ)
  ok: после перезагрузки снимки на месте: 5
  ok: откат на максимум (5 мес., 1 августа 2029) из хранилища: состояние совпало (98 КБ)
  ok: переполнение хранилища: снимки только в памяти, откат доступен
  ok: без localStorage: снимки в памяти, откат работает

=== сид 1, первый акт, normal: 2 июля 2029, точек 3
  ok: снимков в списке: 3 (лимит «normal» — 3)
  размер снимка: 77–80 КБ, всего 236 КБ
  ok: откат на 2 мес. (1 ноября 2029) и повтор до 13 декабря 2029: состояние совпало (81 КБ)
  ok: после перезагрузки снимки на месте: 3
  ok: откат на максимум (3 мес., 1 октября 2029) из хранилища: состояние совпало (81 КБ)
  ok: переполнение хранилища: снимки только в памяти, откат доступен
  ok: без localStorage: снимки в памяти, откат работает

=== сид 1, первый акт, hard: 1 сентября 2027, точек 1
  ok: снимков в списке: 0 (лимит «hard» — 0)
  ok: на «Хардкоре» отката нет

=== сид 1, банкротство: на 1 февраля 2028
  ok: банкротство 1 февраля 2028 → переиграть с 1 января 2028 (снимков 3), счёт 0 млн

=== сид 2, первый акт, easy: 2 июля 2029, точек 9
  ok: снимков в списке: 5 (лимит «easy» — 6)
  размер снимка: 102–116 КБ, всего 545 КБ
  ok: откат на 2 мес. (1 ноября 2029) и повтор до 13 декабря 2029: состояние совпало (119 КБ)
  ok: после перезагрузки снимки на месте: 5
  ok: откат на максимум (5 мес., 1 августа 2029) из хранилища: состояние совпало (119 КБ)
  ok: переполнение хранилища: снимки только в памяти, откат доступен
  ok: без localStorage: снимки в памяти, откат работает

=== сид 2, первый акт, normal: 2 июля 2029, точек 7
  ok: снимков в списке: 3 (лимит «normal» — 3)
  размер снимка: 95–98 КБ, всего 290 КБ
  ok: откат на 2 мес. (1 ноября 2029) и повтор до 13 декабря 2029: состояние совпало (100 КБ)
  ok: после перезагрузки снимки на месте: 3
  ok: откат на максимум (3 мес., 1 октября 2029) из хранилища: состояние совпало (100 КБ)
  ok: переполнение хранилища: снимки только в памяти, откат доступен
  ok: без localStorage: снимки в памяти, откат работает

=== сид 2, первый акт, hard: 14 марта 2028, точек 3
  ok: снимков в списке: 0 (лимит «hard» — 0)
  ok: на «Хардкоре» отката нет

=== сид 2, банкротство: на 1 марта 2029
  ok: банкротство 1 марта 2029 → переиграть с 1 февраля 2029 (снимков 3), счёт 0 млн

(второй акт подготовлен за 1 с)

=== второй акт, переезд ufa → ekb: 30 июня 2038, точек 37, городов 2, активный ufa
  ok: снимков в списке: 3 (лимит «normal» — 3)
  размер снимка: 232–591 КБ, всего 1412 КБ
  ok: откат на 2 мес. (1 октября 2038) и повтор до 13 ноября 2038: состояние совпало (235 КБ)
  ok: после перезагрузки снимки на месте: 3
  ok: откат на максимум (3 мес., 1 сентября 2038) из хранилища: состояние совпало (235 КБ)
  ok: переполнение хранилища: снимки только в памяти, откат доступен
  ok: без localStorage: снимки в памяти, откат работает

ИТОГ: всё совпало, ошибок нет
EXIT=0
