
# 1–2. Город на старте истории
  фикс: город передаётся в newGame (opts.city), поле S.startCity есть
  Москва: город Москва (BK.CITY=moscow), история moscow, S.startCity=moscow
    предложений 6, районы: Тимирязевский, Белорусская, Юго-Запад, Хамовники, Медведково, Люблино
    аренда медиана 3470 ₽/м², чек района 1050 ₽, площадь 210 м², поток 9050 чел/день, счёт 10,5 млн ₽
  Уфа:    город Уфа (BK.CITY=ufa), история —, S.startCity=null
    предложений 6, районы: Дёма, Инорс, Проспект Октября, Центр, Шакша
    аренда медиана 1310 ₽/м², чек района 320 ₽, площадь 190 м², поток 8650 чел/день, счёт 10,0 млн ₽
  ✓ сценарий «Старт в Москве» начинается в Москве — город Москва (BK.CITY=moscow), история moscow, S.startCity=moscow
  ✓ районы предложений — московские (все есть в карте Москвы) — Тимирязевский, Белорусская, Юго-Запад, Хамовники, Медведково, Люблино
  ✓ обычная игра без истории — Уфа, как раньше — город Уфа (BK.CITY=ufa), история —, S.startCity=null
  ✓ коэффициенты Москвы inc/rent/wage переданы в движок — 1.8/3/1.7
  ✓ базовые коэффициенты Уфы не изменились — 1/1/1
  ✓ зарплатный рынок Москвы учитывает wage=1,70 — 93500/115600
  ✓ зарплатный рынок Уфы остался базовым — 55000/68000
  ✓ аренда в Москве заметно выше уфимской — 3470 против 1310 ₽/м² (×2.65)
  ✓ платёжеспособность районов выше (выше чек) — 1050 против 320 ₽ (×3.28)
  ✓ стартовые деньги истории «всё, что было» — 10,5 млн ₽

# 3. Сохранение: тот же город после загрузки
  ✓ сохранение московской партии открывается в Москве — BK.CITY=moscow
  ✓ районы загруженного состояния есть в карте Москвы
  ✓ старое сохранение (нет S.startCity) открывается в Уфе, как раньше — BK.CITY=ufa
  ✓ старое сохранение «Старта в Москве» (мир собран под Уфу) не ломается — остаётся в Уфе — BK.CITY=ufa
  ✓ состояние с московским миром и историей, но без поля — тоже Москва — BK.CITY=moscow

# 4. Второй акт: домашний город московской партии — Москва, чужой город — Казань
  Россия открыта: true; дома — moscow, в Казани — kazan, вернулись — moscow, внутри упакованного дома — moscow
  ✓ второй акт держит московскую карту дома (в т. ч. внутри упакованного города) и казанскую — в Казани — moscow → kazan → moscow/moscow

# 4–5. Москва, сюжет включён: сцены истории приходят, карта не съезжает (2 сида)
  сид 1: партия кончилась на 3.7-м году, точек 3, город — moscow
    сцены истории: 22 (mos1 mos2 mos3 mos5 s21 mos4 mos6 b21 mos7 b22 s24 b23 s22 b24 b26 mos8 b27 b28 b29 b2a kd1 kb1)
  ✓ сид 1: карта московская (история не уводит в Уфу) — BK.CITY=moscow
  ✓ сид 1: сцены истории приходят (8 из 8 ключевых) — mos1 mos2 mos3 mos5 s21 mos4 mos6 b21 mos7 b22 s24 b23 s22 b24 b26 mos8 b27 b28 b29 b2a kd1 kb1
  сид 2: победа на 15-м году, точек 32, город — moscow
    сцены истории: 74 (mos1 mos2 mos3 mos5 mos4 mos6 b21 s21 mos7 b22 s24 b23 s22 b24 b26 mos8 b27 b28 b29 b2a kd1 s25 b25 b2c kd2 b2d kb1 kb2 kg1 kg2 s2hook s31 kf1 b31 kf2 s31b ke1 s32 s33 s36 b32 b33 b34 s34 b35 ke2 ko1 sg1 sg3 b36 sg4 sg2 sg5 s37 sg6 sg7 s3hook s41 s42 s43 s45 s44 s46 s47 b41 b42 b43 kd3 ko2 kf3 kf4 sf1 sf1b sf2)
    рост вглубь: открыто [cater, flag, factory, retail, fran], фабрика «Новая Москва»/outskirts, площадки фабрики [—], флагман «Центр»/center, площадки флагмана [—]
  ✓ сид 2: карта московская (история не уводит в Уфу) — BK.CITY=moscow
  ✓ сид 2: сцены истории приходят (8 из 8 ключевых) — mos1 mos2 mos3 mos5 mos4 mos6 b21 s21 mos7 b22 s24 b23 s22 b24 b26 mos8 b27 b28 b29 b2a kd1 s25 b25 b2c kd2 b2d kb1 kb2 kg1 kg2 s2hook s31 kf1 b31 kf2 s31b ke1 s32 s33 s36 b32 b33 b34 s34 b35 ke2 ko1 sg1 sg3 b36 sg4 sg2 sg5 s37 sg6 sg7 s3hook s41 s42 s43 s45 s44 s46 s47 b41 b42 b43 kd3 ko2 kf3 kf4 sf1 sf1b sf2

# 6. Темп и числа, сюжет выключен (3 сидов, 20 лет, seed = i × 7919)
  Москва сид 1: победа на 16.1-м году, город moscow · год 5: выручка 17 млн, чек 753 ₽, гостей/точку 252/день, аренда 8.9 % выручки, точек 3
    рост вглубь: открыто [cater, flag, factory, retail, fran], фабрика «Люблино»/industrial, площадки фабрики [—], флагман «Центр»/center, площадки флагмана [—]
  ✓ moscow сид 1: город в конце партии — moscow — BK.CITY=moscow
  ✓ moscow сид 1: рост вглубь не упал, площадки — районы активной карты (2) — Люблино/industrial, Центр/center
  Москва сид 2: победа на 15.3-м году, город moscow · год 5: выручка 78 млн, чек 1091 ₽, гостей/точку 213/день, аренда 6.7 % выручки, точек 11
    рост вглубь: открыто [cater, flag, factory, retail, fran], фабрика «Люблино»/industrial, площадки фабрики [—], флагман «Центр»/center, площадки флагмана [—]
  ✓ moscow сид 2: город в конце партии — moscow — BK.CITY=moscow
  ✓ moscow сид 2: рост вглубь не упал, площадки — районы активной карты (2) — Люблино/industrial, Центр/center
  Москва сид 3: победа на 13.1-м году, город moscow · год 5: выручка 156 млн, чек 1038 ₽, гостей/точку 259/день, аренда 5.7 % выручки, точек 19
    рост вглубь: открыто [cater, flag, factory, retail, fran], фабрика «Новая Москва»/outskirts, площадки фабрики [—], флагман «Центр»/center, площадки флагмана [—]
  ✓ moscow сид 3: город в конце партии — moscow — BK.CITY=moscow
  ✓ moscow сид 3: рост вглубь не упал, площадки — районы активной карты (2) — Новая Москва/outskirts, Центр/center
  == Москва: побед 3/3, медиана года победы 15.3, год 5: аренда 6.7 % выручки, чек 1038 ₽, гостей/точку 252/день, точек 11
  Уфа    сид 1: победа на 17.1-м году, город ufa · год 5: выручка 33 млн, чек 635 ₽, гостей/точку 211/день, аренда 4.9 % выручки, точек 8
  ✓ ufa сид 1: город в конце партии — ufa — BK.CITY=ufa
  Уфа    сид 2: победа на 14-м году, город ufa · год 5: выручка 140 млн, чек 638 ₽, гостей/точку 249/день, аренда 5.2 % выручки, точек 29
  ✓ ufa сид 2: город в конце партии — ufa — BK.CITY=ufa
  Уфа    сид 3: победа на 12.4-м году, город ufa · год 5: выручка 94 млн, чек 641 ₽, гостей/точку 229/день, аренда 6 % выручки, точек 21
  ✓ ufa сид 3: город в конце партии — ufa — BK.CITY=ufa
  == Уфа: побед 3/3, медиана года победы 14, год 5: аренда 5.2 % выручки, чек 638 ₽, гостей/точку 229/день, точек 21

# 7. Контроль: та же Москва, но БЕЗ правил истории (город тот же, истории нет)
  сид 1: победа на 7.1-м году, город moscow, точек 62 · год 5: чек 889 ₽, аренда 9.2 % выручки, точек 26
  сид 2: победа на 5.6-м году, город moscow, точек 60 · год 5: чек 1074 ₽, аренда 8.1 % выручки, точек 42
  сид 3: победа на 7-м году, город moscow, точек 63 · год 5: чек 1036 ₽, аренда 6.7 % выручки, точек 24
  == Москва без правил истории: побед 3/3, медиана года победы 7, год 5: аренда 8.1 % выручки, чек 1036 ₽, гостей/точку 297/день, точек 26
  ✓ медиана победы сценария «Старт в Москве» — в целевом коридоре 14–16 лет — 15.3 года

# Итог: Москва против Уфы (год 5, бот good, сюжет выключен)
  чек: 1038 ₽ в Москве против 638 ₽ в Уфе
  аренда: 6.7 % выручки в Москве против 5.2 % выручки в Уфе
  выручка месяца: 78 млн ₽ в Москве против 94 млн ₽ в Уфе
  ✓ в Москве чек выше уфимского — 1038 против 638 ₽
  ✓ в Москве аренда съедает больше выручки — 6.7 против 5.2 %
  год победы: Москва с историей 15.3 против Москвы без правил истории 7 (Уфа 14)
  ✓ правила «Старта в Москве» делают историю честнее — медленнее, чем просто московский чек — 7 против 15.3

✓ все проверки города истории прошли
EXIT=0
