
# 1–2. Город на старте истории
  фикс: город передаётся в newGame (opts.city), поле S.startCity есть
  Москва: город Москва (BK.CITY=moscow), история moscow, S.startCity=moscow
    предложений 6, районы: Тимирязевский, Белорусская, Юго-Запад, Хамовники, Медведково, Люблино
    аренда медиана 3470 ₽/м², чек района 1050 ₽, площадь 210 м², поток 9050 чел/день, счёт 10,5 млн ₽
  Уфа:    город Уфа (BK.CITY=ufa), история —, S.startCity=null
    предложений 6, районы: Дёма, Инорс, Проспект Октября, Центр, Шакша
    аренда медиана 1310 ₽/м², чек района 320 ₽, площадь 190 м², поток 8650 чел/день, счёт 10,0 млн ₽
  ✓ сценарий «Старт в Москве» начинается в Москве — город Москва (BK.CITY=moscow), история moscow, S.startCity=moscow
  ✓ районы предложений — московские (все есть в карте Москвы) — Тимирязевский, Белорусская, Юго-Запад, Хамовники, Медведково, Люблино
  ✓ обычная игра без истории — Уфа, как раньше — город Уфа (BK.CITY=ufa), история —, S.startCity=null
  ✓ коэффициенты Москвы inc/rent/wage переданы в движок — 1.8/3/1.7
  ✓ базовые коэффициенты Уфы не изменились — 1/1/1
  ✓ зарплатный рынок Москвы учитывает wage=1,70 — 93500/115600
  ✓ зарплатный рынок Уфы остался базовым — 55000/68000
  ✓ аренда в Москве заметно выше уфимской — 3470 против 1310 ₽/м² (×2.65)
  ✓ платёжеспособность районов выше (выше чек) — 1050 против 320 ₽ (×3.28)
  ✓ стартовые деньги истории «всё, что было» — 10,5 млн ₽

# 3. Сохранение: тот же город после загрузки
  ✓ сохранение московской партии открывается в Москве — BK.CITY=moscow
  ✓ районы загруженного состояния есть в карте Москвы
  ✓ старое сохранение (нет S.startCity) открывается в Уфе, как раньше — BK.CITY=ufa
  ✓ старое сохранение «Старта в Москве» (мир собран под Уфу) не ломается — остаётся в Уфе — BK.CITY=ufa
  ✓ состояние с московским миром и историей, но без поля — тоже Москва — BK.CITY=moscow

# 4. Второй акт: домашний город московской партии — Москва, чужой город — Казань
  Россия открыта: true; дома — moscow, в Казани — kazan, вернулись — moscow, внутри упакованного дома — moscow
  ✓ второй акт держит московскую карту дома (в т. ч. внутри упакованного города) и казанскую — в Казани — moscow → kazan → moscow/moscow

# 6.5. Проектные карты Москвы и Петербурга (районы, улицы, соседство, схема)
  Москва: районов 12, улиц у района 5, точек притяжения 48, дорог и колец 10 (кольца: 3), ж/д линий 5, рек 2, парков 6
    соседство: solv ×1.042 (эталон ×1.042), tr ×1.166 (1.158), rent ×1.061 (1.060)
    Центр [исторический центр]; Москва-Сити [деловой, небоскрёбы]; Замоскворечье [деловой, вокзал]; Белорусская [вокзал, деловые улицы]; Хамовники [престижный, набережные]; Юго-Запад [престижный, вузы]; Тимирязевский [спальный, агровуз]; Медведково [спальный, окраина СВАО]; Измайлово [спальный, парки]; Ясенево [спальный, дальний юг]; Новая Москва [частный сектор, новостройки]; Люблино [промзона, склады]
  ✓ moscow: id районов и их число прежние (старые сохранения находят район) — moscow0,moscow1,moscow2,moscow3,moscow4,moscow5,moscow6,moscow7,moscow8,moscow9,moscow10,moscow11
  ✓ moscow: arch и вес районов совпадают с прежней картой — все
  ✓ moscow: у каждого района не меньше 3 реальных улиц — минимум 5
  ✓ moscow: у каждого района есть характер, соседство (lm) и типичный размер помещения — все 100 %
  ✓ moscow: все соседи районов есть в BK.LANDMARKS — 12 видов
  ✓ moscow: у каждого района есть точки притяжения (вокзалы, БЦ, метро, рынки, парки) — 48 точек
  ✓ moscow: все районы внутри контура города и не в воде — ближайшая вода 29 ед.
  ✓ moscow: районы не налезают друг на друга — ближайшая пара Замоскворечье–Хамовники — 75 ед.
  ✓ moscow: точки притяжения внутри города и не в воде — все
  ✓ moscow: на схеме есть магистрали и кольца, ж/д, контур и река — 10 дорог, 5 ж/д, контур 22 точек, 2 рек
  ✓ moscow: группы районов для цехов покрывают все районы — [["moscow0","moscow1","moscow2","moscow3","moscow4","moscow5"],["moscow6","moscow7","moscow8","moscow9"],["moscow10","moscow11","moscow9"]]
  ✓ moscow: характер соседства не сдвигает экономику города (средние множители в пределах ±6 %) — solv 0.1 %, tr 0.8 %, rent 0.1 %
  Санкт-Петербург: районов 11, улиц у района 5, точек притяжения 44, дорог и колец 6 (кольца: 1), ж/д линий 4, рек 3, парков 6
    соседство: solv ×1.019 (эталон ×1.042), tr ×1.159 (1.158), rent ×1.049 (1.060)
    Центральный [исторический центр]; Адмиралтейский [деловой, туризм]; Василеостровский [остров: вузы и БЦ]; Петроградский [престижный, острова]; Московский [спальный, юг]; Приморский [спальный, у залива]; Невский [спальный, за Невой]; Калининский [спальный, север]; Выборгский [студенческий, вузы]; Красносельский [спальный, дальний юго-запад]; Кировский [промзона, заводы]
  ✓ spb: id районов и их число прежние (старые сохранения находят район) — spb0,spb1,spb2,spb3,spb4,spb5,spb6,spb7,spb8,spb9,spb10
  ✓ spb: arch и вес районов совпадают с прежней картой — все
  ✓ spb: у каждого района не меньше 3 реальных улиц — минимум 5
  ✓ spb: у каждого района есть характер, соседство (lm) и типичный размер помещения — все 100 %
  ✓ spb: все соседи районов есть в BK.LANDMARKS — 12 видов
  ✓ spb: у каждого района есть точки притяжения (вокзалы, БЦ, метро, рынки, парки) — 44 точек
  ✓ spb: все районы внутри контура города и не в воде — ближайшая вода 24 ед.
  ✓ spb: районы не налезают друг на друга — ближайшая пара Центральный–Адмиралтейский — 102 ед.
  ✓ spb: точки притяжения внутри города и не в воде — все
  ✓ spb: на схеме есть магистрали и кольца, ж/д, контур и река — 6 дорог, 4 ж/д, контур 27 точек, 3 рек
  ✓ spb: группы районов для цехов покрывают все районы — [["spb0","spb1","spb2","spb3"],["spb4","spb5","spb6","spb7","spb8","spb9"],["spb10","spb9"]]
  ✓ spb: характер соседства не сдвигает экономику города (средние множители в пределах ±6 %) — solv -2.3 %, tr 0.1 %, rent -1.1 %

# 4–5. Москва, сюжет включён: сцены истории приходят, карта не съезжает (2 сида)
  сид 1: партия кончилась на 3.7-м году, точек 3, город — moscow
    сцены истории: 22 (mos1 mos2 mos3 mos5 s21 mos4 mos6 b21 mos7 b22 s24 b23 s22 b24 b26 mos8 b27 b28 b29 b2a kd1 kb1)
  ✓ сид 1: карта московская (история не уводит в Уфу) — BK.CITY=moscow
  ✓ сид 1: сцены истории приходят (8 из 8 ключевых) — mos1 mos2 mos3 mos5 s21 mos4 mos6 b21 mos7 b22 s24 b23 s22 b24 b26 mos8 b27 b28 b29 b2a kd1 kb1
  сид 2: победа на 15.2-м году, точек 34, город — moscow
    сцены истории: 75 (mos1 mos2 mos3 mos5 mos4 mos6 b21 s21 mos7 b22 s24 b23 s22 b24 b26 mos8 b27 b28 b29 b2a kd1 s25 b25 b2c kd2 b2d kb1 kb2 kg1 s2hook s31 s33 b31 b33 s31b s32 s34 s36 b32 b34 kg2 kf1 kf2 b35 ke1 ke2 ko1 sg1 sg3 b36 sg4 sg5 sg2 s37 kd3 s41 s3hook s42 s43 s45 s46 s47 s44 b41 b42 b43 ko2 kf3 kf4 sg6 sg7 sg8 sf1 sf1b sf2)
    рост вглубь: открыто [cater, flag, factory, retail, fran], фабрика «Ясенево»/far, площадки фабрики [—], флагман «Центр»/center, площадки флагмана [—]
  ✓ сид 2: карта московская (история не уводит в Уфу) — BK.CITY=moscow
  ✓ сид 2: сцены истории приходят (8 из 8 ключевых) — mos1 mos2 mos3 mos5 mos4 mos6 b21 s21 mos7 b22 s24 b23 s22 b24 b26 mos8 b27 b28 b29 b2a kd1 s25 b25 b2c kd2 b2d kb1 kb2 kg1 s2hook s31 s33 b31 b33 s31b s32 s34 s36 b32 b34 kg2 kf1 kf2 b35 ke1 ke2 ko1 sg1 sg3 b36 sg4 sg5 sg2 s37 kd3 s41 s3hook s42 s43 s45 s46 s47 s44 b41 b42 b43 ko2 kf3 kf4 sg6 sg7 sg8 sf1 sf1b sf2

# 6. Темп и числа, сюжет выключен (3 сидов, 20 лет, seed = i × 7919)
  Москва сид 1: победа на 15.3-м году, город moscow · год 5: выручка 17 млн, чек 753 ₽, гостей/точку 252/день, аренда 8.9 % выручки, точек 3
    рост вглубь: открыто [cater, flag, factory, retail, fran], фабрика «Новая Москва»/outskirts, площадки фабрики [—], флагман «Центр»/center, площадки флагмана [—]
  ✓ moscow сид 1: город в конце партии — moscow — BK.CITY=moscow
  ✓ moscow сид 1: рост вглубь не упал, площадки — районы активной карты (2) — Новая Москва/outskirts, Центр/center
  Москва сид 2: победа на 14.8-м году, город moscow · год 5: выручка 85 млн, чек 1083 ₽, гостей/точку 234/день, аренда 5.7 % выручки, точек 11
    рост вглубь: открыто [cater, flag, factory, retail, fran], фабрика «Люблино»/industrial, площадки фабрики [—], флагман «Центр»/center, площадки флагмана [—]
  ✓ moscow сид 2: город в конце партии — moscow — BK.CITY=moscow
  ✓ moscow сид 2: рост вглубь не упал, площадки — районы активной карты (2) — Люблино/industrial, Центр/center
  Москва сид 3: победа на 15.1-м году, город moscow · год 5: выручка 148 млн, чек 1085 ₽, гостей/точку 264/день, аренда 5.2 % выручки, точек 17
    рост вглубь: открыто [cater, flag, factory, retail, fran], фабрика «Люблино»/industrial, площадки фабрики [—], флагман «Центр»/center, площадки флагмана [—]
  ✓ moscow сид 3: город в конце партии — moscow — BK.CITY=moscow
  ✓ moscow сид 3: рост вглубь не упал, площадки — районы активной карты (2) — Люблино/industrial, Центр/center
  == Москва: побед 3/3, медиана года победы 15.1, год 5: аренда 5.7 % выручки, чек 1083 ₽, гостей/точку 252/день, точек 11
  Уфа    сид 1: победа на 17.1-м году, город ufa · год 5: выручка 33 млн, чек 635 ₽, гостей/точку 211/день, аренда 4.9 % выручки, точек 8
  ✓ ufa сид 1: город в конце партии — ufa — BK.CITY=ufa
  Уфа    сид 2: победа на 14-м году, город ufa · год 5: выручка 140 млн, чек 638 ₽, гостей/точку 249/день, аренда 5.2 % выручки, точек 29
  ✓ ufa сид 2: город в конце партии — ufa — BK.CITY=ufa
  Уфа    сид 3: победа на 12.4-м году, город ufa · год 5: выручка 94 млн, чек 641 ₽, гостей/точку 229/день, аренда 6 % выручки, точек 21
  ✓ ufa сид 3: город в конце партии — ufa — BK.CITY=ufa
  == Уфа: побед 3/3, медиана года победы 14, год 5: аренда 5.2 % выручки, чек 638 ₽, гостей/точку 229/день, точек 21

# 7. Контроль: та же Москва, но БЕЗ правил истории (город тот же, истории нет)
  сид 1: победа на 6.5-м году, город moscow, точек 65 · год 5: чек 1100 ₽, аренда 6.7 % выручки, точек 36
  сид 2: победа на 7.3-м году, город moscow, точек 67 · год 5: чек 1016 ₽, аренда 4.4 % выручки, точек 34
  сид 3: победа на 7-м году, город moscow, точек 61 · год 5: чек 1036 ₽, аренда 6.7 % выручки, точек 24
  == Москва без правил истории: побед 3/3, медиана года победы 7, год 5: аренда 6.7 % выручки, чек 1036 ₽, гостей/точку 291/день, точек 34
  ✓ медиана победы сценария «Старт в Москве» — в целевом коридоре 14–16 лет — 15.1 года

# Итог: Москва против Уфы (год 5, бот good, сюжет выключен)
  чек: 1083 ₽ в Москве против 638 ₽ в Уфе
  аренда: 5.7 % выручки в Москве против 5.2 % выручки в Уфе
  выручка месяца: 85 млн ₽ в Москве против 94 млн ₽ в Уфе
  ✓ в Москве чек выше уфимского — 1083 против 638 ₽
  ✓ в Москве аренда съедает больше выручки — 5.7 против 5.2 %
  год победы: Москва с историей 15.1 против Москвы без правил истории 7 (Уфа 14)
  ✓ правила «Старта в Москве» делают историю честнее — медленнее, чем просто московский чек — 7 против 15.1

✓ все проверки города истории прошли
EXIT=0
